// Jest Snapshot v1, https://goo.gl/fbAQLP

exports[`Steps.vue render work 1`] = `"<div class=\\"ix-steps ix-steps--horizontal\\"><div class=\\"ix-step ix-step--medium ix-step--finish\\"><div class=\\"ix-step-tail\\"></div><div class=\\"ix-step-head\\"><!-- 进度环 --><!--v-if--><i class=\\"ix-icon ix-icon-check ix-step-head__icon\\" role=\\"img\\" arialabel=\\"check\\"></i></div><div class=\\"ix-step-content\\"><div class=\\"ix-step-title\\">Finish<span class=\\"ix-step-subtitle\\"><span>20:20:01</span></span></div><div class=\\"ix-step-description\\">This is a description.</div></div></div><div class=\\"ix-step ix-step--medium ix-step--process\\"><div class=\\"ix-step-tail\\"></div><div class=\\"ix-step-head\\"><!-- 进度环 --><!--v-if--><span class=\\"ix-step-head__text\\">2</span></div><div class=\\"ix-step-content\\"><div class=\\"ix-step-title\\">In Progress<span class=\\"ix-step-subtitle\\"><span></span></span></div><div class=\\"ix-step-description\\">This is a description.</div></div></div><div class=\\"ix-step ix-step--medium ix-step--wait\\"><div class=\\"ix-step-tail\\"></div><div class=\\"ix-step-head\\"><!-- 进度环 --><!--v-if--><span class=\\"ix-step-head__text\\">3</span></div><div class=\\"ix-step-content\\"><div class=\\"ix-step-title\\">Waiting<span class=\\"ix-step-subtitle\\"><span></span></span></div><div class=\\"ix-step-description\\">This is a description.</div></div></div></div>"`;
